Using pre-set license
Built from '2022.3/respin/2022.3.62f2-4af31df585-v2' branch; Version is '2022.3.62f3 (96770f904ca7) revision 9860879'; Using compiler version '192829333'; Build Type 'Release'
OS: 'Windows 11  (10.0.26200) 64bit Core' Language: 'ko' Physical Memory: 31899 MB
BatchMode: 1, IsHumanControllingUs: 0, StartBugReporterOnCrash: 0, Is64bit: 1, IsPro: 1

COMMAND LINE ARGUMENTS:
C:\Program Files\Unity\Hub\Editor\2022.3.62f3\Editor\Unity.exe
-adb2
-batchMode
-noUpm
-name
AssetImportWorker0
-projectPath
C:/Users/user/Documents/GitHub/NewSample
-logFile
Logs/AssetImportWorker0.log
-srvPort
61054
Successfully changed project path to: C:/Users/user/Documents/GitHub/NewSample
C:/Users/user/Documents/GitHub/NewSample
[UnityMemory] Configuration Parameters - Can be set up in boot.config
    "memorysetup-bucket-allocator-granularity=16"
    "memorysetup-bucket-allocator-bucket-count=8"
    "memorysetup-bucket-allocator-block-size=33554432"
    "memorysetup-bucket-allocator-block-count=8"
    "memorysetup-main-allocator-block-size=16777216"
    "memorysetup-thread-allocator-block-size=16777216"
    "memorysetup-gfx-main-allocator-block-size=16777216"
    "memorysetup-gfx-thread-allocator-block-size=16777216"
    "memorysetup-cache-allocator-block-size=4194304"
    "memorysetup-typetree-allocator-block-size=2097152"
    "memorysetup-profiler-bucket-allocator-granularity=16"
    "memorysetup-profiler-bucket-allocator-bucket-count=8"
    "memorysetup-profiler-bucket-allocator-block-size=33554432"
    "memorysetup-profiler-bucket-allocator-block-count=8"
    "memorysetup-profiler-allocator-block-size=16777216"
    "memorysetup-profiler-editor-allocator-block-size=1048576"
    "memorysetup-temp-allocator-size-main=16777216"
    "memorysetup-job-temp-allocator-block-size=2097152"
    "memorysetup-job-temp-allocator-block-size-background=1048576"
    "memorysetup-job-temp-allocator-reduction-small-platforms=262144"
    "memorysetup-allocator-temp-initial-block-size-main=262144"
    "memorysetup-allocator-temp-initial-block-size-worker=262144"
    "memorysetup-temp-allocator-size-background-worker=32768"
    "memorysetup-temp-allocator-size-job-worker=262144"
    "memorysetup-temp-allocator-size-preload-manager=33554432"
    "memorysetup-temp-allocator-size-nav-mesh-worker=65536"
    "memorysetup-temp-allocator-size-audio-worker=65536"
    "memorysetup-temp-allocator-size-cloud-worker=32768"
    "memorysetup-temp-allocator-size-gi-baking-worker=262144"
    "memorysetup-temp-allocator-size-gfx=262144"
Player connection [24224]  Target information:

Player connection [24224]  * "[IP] 172.30.1.21 [Port] 0 [Flags] 2 [Guid] 1570981666 [EditorId] 1570981666 [Version] 1048832 [Id] WindowsEditor(7,DESKTOP-LL0S6DJ) [Debug] 1 [PackageName] WindowsEditor [ProjectName] Editor" 

Player connection [24224] Host joined multi-casting on [225.0.0.222:54997]...
Player connection [24224] Host joined alternative multi-casting on [225.0.0.222:34997]...
Input System module state changed to: Initialized.
[PhysX] Initialized MultithreadedTaskDispatcher with 16 workers.
Refreshing native plugins compatible for Editor in 11.46 ms, found 4 plugins.
Preloading 0 native plugins for Editor in 0.00 ms.
Initialize engine version: 2022.3.62f3 (96770f904ca7)
[Subsystems] Discovering subsystems at path C:/Program Files/Unity/Hub/Editor/2022.3.62f3/Editor/Data/Resources/UnitySubsystems
[Subsystems] Discovering subsystems at path C:/Users/user/Documents/GitHub/NewSample/Assets
GfxDevice: creating device client; threaded=0; jobified=0
Direct3D:
    Version:  Direct3D 11.0 [level 11.1]
    Renderer: NVIDIA GeForce RTX 5070 (ID=0x2f04)
    Vendor:   NVIDIA
    VRAM:     11943 MB
    Driver:   32.0.15.9144
Initialize mono
Mono path[0] = 'C:/Program Files/Unity/Hub/Editor/2022.3.62f3/Editor/Data/Managed'
Mono path[1] = 'C:/Program Files/Unity/Hub/Editor/2022.3.62f3/Editor/Data/MonoBleedingEdge/lib/mono/unityjit-win32'
Mono config path = 'C:/Program Files/Unity/Hub/Editor/2022.3.62f3/Editor/Data/MonoBleedingEdge/etc'
Using monoOptions --debugger-agent=transport=dt_socket,embedding=1,server=y,suspend=n,address=127.0.0.1:56940
Begin MonoManager ReloadAssembly
Registering precompiled unity dll's ...
Register platform support module: C:/Program Files/Unity/Hub/Editor/2022.3.62f3/Editor/Data/PlaybackEngines/AndroidPlayer/UnityEditor.Android.Extensions.dll
Register platform support module: C:/Program Files/Unity/Hub/Editor/2022.3.62f3/Editor/Data/PlaybackEngines/WindowsStandaloneSupport/UnityEditor.WindowsStandalone.Extensions.dll
Registered in 0.005487 seconds.
- Loaded All Assemblies, in  0.300 seconds
Native extension for WindowsStandalone target not found
Native extension for Android target not found
Android Extension - Scanning For ADB Devices 244 ms
Mono: successfully reloaded assembly
- Finished resetting the current domain, in  0.562 seconds
Domain Reload Profiling: 862ms
	BeginReloadAssembly (89ms)
		ExecutionOrderSort (0ms)
		DisableScriptedObjects (0ms)
		BackupInstance (0ms)
		ReleaseScriptingObjects (0ms)
		CreateAndSetChildDomain (0ms)
	RebuildCommonClasses (29ms)
	RebuildNativeTypeToScriptingClass (8ms)
	initialDomainReloadingComplete (48ms)
	LoadAllAssembliesAndSetupDomain (125ms)
		LoadAssemblies (88ms)
		RebuildTransferFunctionScriptingTraits (0ms)
		AnalyzeDomain (124ms)
			TypeCache.Refresh (122ms)
				TypeCache.ScanAssembly (111ms)
			ScanForSourceGeneratedMonoScriptInfo (0ms)
			ResolveRequiredComponents (0ms)
	FinalizeReload (563ms)
		ReleaseScriptCaches (0ms)
		RebuildScriptCaches (0ms)
		SetupLoadedEditorAssemblies (524ms)
			LogAssemblyErrors (0ms)
			InitializePlatformSupportModulesInManaged (311ms)
			SetLoadedEditorAssemblies (3ms)
			RefreshPlugins (0ms)
			BeforeProcessingInitializeOnLoad (4ms)
			ProcessInitializeOnLoadAttributes (171ms)
			ProcessInitializeOnLoadMethodAttributes (35ms)
			AfterProcessingInitializeOnLoad (0ms)
			EditorAssembliesLoaded (0ms)
		ExecutionOrderSort2 (0ms)
		AwakeInstancesAfterBackupRestoration (0ms)
========================================================================
Worker process is ready to serve import requests
Caller must complete domain reload
Begin MonoManager ReloadAssembly
- Loaded All Assemblies, in  0.661 seconds
Native extension for WindowsStandalone target not found
Native extension for Android target not found
System.Reflection.TargetInvocationException: Exception has been thrown by the target of an invocation. ---> System.NullReferenceException: Object reference not set to an instance of an object
  at Unity.AssetManager.Core.Editor.BaseSdkService+Services.CreateServices () [0x000c1] in .\Library\PackageCache\com.unity.asset-manager-for-unity@1.8.0\Editor\Core\Services\BaseSdkService.cs:177 
  at Unity.AssetManager.Core.Editor.BaseSdkService+Services.InitAuthenticatedServices () [0x00007] in .\Library\PackageCache\com.unity.asset-manager-for-unity@1.8.0\Editor\Core\Services\BaseSdkService.cs:148 
  at Unity.AssetManager.Core.Editor.BaseSdkService.InitAuthenticatedServices () [0x00008] in .\Library\PackageCache\com.unity.asset-manager-for-unity@1.8.0\Editor\Core\Services\BaseSdkService.cs:65 
  at Unity.AssetManager.Core.Editor.PermissionsManager.OnEnable () [0x00017] in .\Library\PackageCache\com.unity.asset-manager-for-unity@1.8.0\Editor\Core\Services\PermissionsManager.cs:178 
  at Unity.AssetManager.Core.Editor.BaseService.set_Enabled (System.Boolean value) [0x0001b] in .\Library\PackageCache\com.unity.asset-manager-for-unity@1.8.0\Editor\Core\Services\ServicesContainer.cs:32 
  at Unity.AssetManager.Core.Editor.ServicesContainer.EnableService (Unity.AssetManager.Core.Editor.IService service, System.Collections.Generic.Queue`1[T] serviceEnablingQueue) [0x0004e] in .\Library\PackageCache\com.unity.asset-manager-for-unity@1.8.0\Editor\Core\Services\ServicesContainer.cs:273 
  at Unity.AssetManager.Core.Editor.ServicesContainer.EnableService (Unity.AssetManager.Core.Editor.IService service, System.Collections.Generic.Queue`1[T] serviceEnablingQueue) [0x0002d] in .\Library\PackageCache\com.unity.asset-manager-for-unity@1.8.0\Editor\Core\Services\ServicesContainer.cs:269 
  at Unity.AssetManager.Core.Editor.ServicesContainer.EnableService (Unity.AssetManager.Core.Editor.IService service, System.Collections.Generic.Queue`1[T] serviceEnablingQueue) [0x0002d] in .\Library\PackageCache\com.unity.asset-manager-for-unity@1.8.0\Editor\Core\Services\ServicesContainer.cs:269 
  at Unity.AssetManager.Core.Editor.ServicesContainer.Resolve[T] () [0x0005b] in .\Library\PackageCache\com.unity.asset-manager-for-unity@1.8.0\Editor\Core\Services\ServicesContainer.cs:254 
  at Unity.AssetManager.UI.Editor.ServicesInitializer.InitializeServices (System.Boolean forceReset) [0x0014a] in .\Library\PackageCache\com.unity.asset-manager-for-unity@1.8.0\Editor\UI\Services\ServicesInitializer.cs:76 
  at Unity.AssetManager.UI.Editor.ServicesInitializer.Init () [0x00000] in .\Library\PackageCache\com.unity.asset-manager-for-unity@1.8.0\Editor\UI\Services\ServicesInitializer.cs:14 
  at (wrapper managed-to-native) System.Reflection.RuntimeMethodInfo.InternalInvoke(System.Reflection.RuntimeMethodInfo,object,object[],System.Exception&)
  at System.Reflection.RuntimeMethodInfo.Invoke (System.Object obj, System.Reflection.BindingFlags invokeAttr, System.Reflection.Binder binder, System.Object[] parameters, System.Globalization.CultureInfo culture) [0x0006a] in <1071a2cb0cb3433aae80a793c277a048>:0 
   --- End of inner exception stack trace ---
  at System.Reflection.RuntimeMethodInfo.Invoke (System.Object obj, System.Reflection.BindingFlags invokeAttr, System.Reflection.Binder binder, System.Object[] parameters, System.Globalization.CultureInfo culture) [0x00083] in <1071a2cb0cb3433aae80a793c277a048>:0 
  at System.Reflection.MethodBase.Invoke (System.Object obj, System.Object[] parameters) [0x00000] in <1071a2cb0cb3433aae80a793c277a048>:0 
  at UnityEditor.EditorAssemblies.ProcessInitializeOnLoadMethodAttributes () [0x000a5] in <4b8f645257c94d1296f440a10c6f388e>:0 
UnityEngine.StackTraceUtility:ExtractStackTrace ()
UnityEngine.DebugLogHandler:LogFormat (UnityEngine.LogType,UnityEngine.Object,string,object[])
UnityEngine.Logger:Log (UnityEngine.LogType,object)
UnityEngine.Debug:LogError (object)
UnityEditor.EditorAssemblies:ProcessInitializeOnLoadMethodAttributes ()

Mono: successfully reloaded assembly
- Finished resetting the current domain, in  0.770 seconds
Domain Reload Profiling: 1429ms
	BeginReloadAssembly (118ms)
		ExecutionOrderSort (0ms)
		DisableScriptedObjects (5ms)
		BackupInstance (0ms)
		ReleaseScriptingObjects (0ms)
		CreateAndSetChildDomain (18ms)
	RebuildCommonClasses (31ms)
	RebuildNativeTypeToScriptingClass (10ms)
	initialDomainReloadingComplete (35ms)
	LoadAllAssembliesAndSetupDomain (464ms)
		LoadAssemblies (279ms)
		RebuildTransferFunctionScriptingTraits (0ms)
		AnalyzeDomain (253ms)
			TypeCache.Refresh (214ms)
				TypeCache.ScanAssembly (194ms)
			ScanForSourceGeneratedMonoScriptInfo (32ms)
			ResolveRequiredComponents (6ms)
	FinalizeReload (771ms)
		ReleaseScriptCaches (0ms)
		RebuildScriptCaches (0ms)
		SetupLoadedEditorAssemblies (609ms)
			LogAssemblyErrors (0ms)
			InitializePlatformSupportModulesInManaged (16ms)
			SetLoadedEditorAssemblies (4ms)
			RefreshPlugins (0ms)
			BeforeProcessingInitializeOnLoad (76ms)
			ProcessInitializeOnLoadAttributes (451ms)
			ProcessInitializeOnLoadMethodAttributes (56ms)
			AfterProcessingInitializeOnLoad (5ms)
			EditorAssembliesLoaded (0ms)
		ExecutionOrderSort2 (0ms)
		AwakeInstancesAfterBackupRestoration (5ms)
Launched and connected shader compiler UnityShaderCompiler.exe after 0.05 seconds
Refreshing native plugins compatible for Editor in 4.16 ms, found 4 plugins.
Preloading 0 native plugins for Editor in 0.00 ms.
Unloading 6331 Unused Serialized files (Serialized files now loaded: 0)
Unloading 59 unused Assets / (2.0 MB). Loaded Objects now: 6803.
Memory consumption went from 227.4 MB to 225.4 MB.
Total: 4.305500 ms (FindLiveObjects: 0.341200 ms CreateObjectMapping: 0.143900 ms MarkObjects: 3.472800 ms  DeleteObjects: 0.347000 ms)

AssetImportParameters requested are different than current active one (requested -> active):
  custom:container-demuxer-ogg: 62fdf1f143b41e24485cea50d1cbac27 -> 
  custom:framework-win-MediaFoundation: 216162199b28c13a410421893ffa2e32 -> 
  custom:container-muxer-webm: aa71ff27fc2769a1b78a27578f13a17b -> 
  custom:video-decoder-webm-vp8: 9c59270c3fd7afecdb556c50c9e8de78 -> 
  custom:SearchIndexIgnoredProperties: e643bd26f0fe6173181afceb89e7c659 -> 
  custom:AudioImporter_EditorPlatform: d09bf68614088b80899f8185d706f6e7 -> 
  custom:audio-decoder-ogg-vorbis: bf7c407c2cedff20999df2af8eb42d56 -> 
  custom:audio-encoder-webm-vorbis: bf7c407c2cedff20999df2af8eb42d56 -> 
  custom:video-decoder-ogg-theora: a1e56fd34408186e4bbccfd4996cb3dc -> 
  custom:CustomObjectIndexerAttribute: 9a22284fe3817be447336de3de66b15e -> 
  custom:container-demuxer-webm: 4f35f7cbe854078d1ac9338744f61a02 -> 
  custom:video-encoder-webm-vp8: eb34c28f22e8b96e1ab97ce403110664 -> 
========================================================================
Received Prepare
Caller must complete domain reload
Begin MonoManager ReloadAssembly
- Loaded All Assemblies, in  0.821 seconds
UnityException: FindObjectsOfTypeAll is not allowed to be called during serialization, call it from OnEnable instead. Called from ScriptableObject 'ServicesContainer'.
See "Script Serialization" page in the Unity Manual for further details.
  at (wrapper managed-to-native) UnityEngine.ResourcesAPIInternal.FindObjectsOfTypeAll(System.Type)
  at UnityEngine.ResourcesAPI.FindObjectsOfTypeAll (System.Type systemTypeInstance) [0x00000] in <37cc348edc804f4cb176b63962c716e7>:0 
  at UnityEngine.Resources.FindObjectsOfTypeAll (System.Type type) [0x00006] in <37cc348edc804f4cb176b63962c716e7>:0 
  at Unity.AssetManager.UI.Editor.ProjectWindowProxy.FindProjectWindow () [0x00019] in .\Library\PackageCache\com.unity.asset-manager-for-unity@1.8.0\Editor\UI\ProjectWindowOverlays\ProjectWindowProxy.cs:30 
  at Unity.AssetManager.UI.Editor.ProjectWindowProxy.Repaint () [0x00000] in .\Library\PackageCache\com.unity.asset-manager-for-unity@1.8.0\Editor\UI\ProjectWindowOverlays\ProjectWindowProxy.cs:19 
  at Unity.AssetManager.UI.Editor.ProjectWindowIconOverlay.OnAfterDeserialize () [0x0004b] in .\Library\PackageCache\com.unity.asset-manager-for-unity@1.8.0\Editor\UI\ProjectWindowOverlays\ProjectWindowIconOverlay.cs:143 

(Filename: ./Library/PackageCache/com.unity.asset-manager-for-unity@1.8.0/Editor/UI/ProjectWindowOverlays/ProjectWindowProxy.cs Line: 30)

Native extension for WindowsStandalone target not found
Native extension for Android target not found
Mono: successfully reloaded assembly
- Finished resetting the current domain, in  0.784 seconds
Domain Reload Profiling: 1604ms
	BeginReloadAssembly (550ms)
		ExecutionOrderSort (0ms)
		DisableScriptedObjects (411ms)
		BackupInstance (0ms)
		ReleaseScriptingObjects (0ms)
		CreateAndSetChildDomain (40ms)
	RebuildCommonClasses (31ms)
	RebuildNativeTypeToScriptingClass (11ms)
	initialDomainReloadingComplete (25ms)
	LoadAllAssembliesAndSetupDomain (203ms)
		LoadAssemblies (247ms)
		RebuildTransferFunctionScriptingTraits (0ms)
		AnalyzeDomain (16ms)
			TypeCache.Refresh (6ms)
				TypeCache.ScanAssembly (0ms)
			ScanForSourceGeneratedMonoScriptInfo (0ms)
			ResolveRequiredComponents (8ms)
	FinalizeReload (784ms)
		ReleaseScriptCaches (0ms)
		RebuildScriptCaches (0ms)
		SetupLoadedEditorAssemblies (533ms)
			LogAssemblyErrors (0ms)
			InitializePlatformSupportModulesInManaged (14ms)
			SetLoadedEditorAssemblies (4ms)
			RefreshPlugins (0ms)
			BeforeProcessingInitializeOnLoad (73ms)
			ProcessInitializeOnLoadAttributes (407ms)
			ProcessInitializeOnLoadMethodAttributes (29ms)
			AfterProcessingInitializeOnLoad (5ms)
			EditorAssembliesLoaded (0ms)
		ExecutionOrderSort2 (0ms)
		AwakeInstancesAfterBackupRestoration (11ms)
Refreshing native plugins compatible for Editor in 3.66 ms, found 4 plugins.
Preloading 0 native plugins for Editor in 0.00 ms.
Unloading 6259 Unused Serialized files (Serialized files now loaded: 0)
Unloading 37 unused Assets / (2.0 MB). Loaded Objects now: 6820.
Memory consumption went from 211.6 MB to 209.6 MB.
Total: 4.680500 ms (FindLiveObjects: 0.568500 ms CreateObjectMapping: 0.251700 ms MarkObjects: 3.435200 ms  DeleteObjects: 0.424500 ms)

Prepare: number of updated asset objects reloaded= 0
AssetImportParameters requested are different than current active one (requested -> active):
  custom:container-demuxer-ogg: 62fdf1f143b41e24485cea50d1cbac27 -> 
  custom:framework-win-MediaFoundation: 216162199b28c13a410421893ffa2e32 -> 
  custom:container-muxer-webm: aa71ff27fc2769a1b78a27578f13a17b -> 
  custom:video-decoder-webm-vp8: 9c59270c3fd7afecdb556c50c9e8de78 -> 
  custom:SearchIndexIgnoredProperties: e643bd26f0fe6173181afceb89e7c659 -> 
  custom:AudioImporter_EditorPlatform: d09bf68614088b80899f8185d706f6e7 -> 
  custom:audio-decoder-ogg-vorbis: bf7c407c2cedff20999df2af8eb42d56 -> 
  custom:audio-encoder-webm-vorbis: bf7c407c2cedff20999df2af8eb42d56 -> 
  custom:video-decoder-ogg-theora: a1e56fd34408186e4bbccfd4996cb3dc -> 
  custom:CustomObjectIndexerAttribute: 9a22284fe3817be447336de3de66b15e -> 
  custom:container-demuxer-webm: 4f35f7cbe854078d1ac9338744f61a02 -> 
  custom:video-encoder-webm-vp8: eb34c28f22e8b96e1ab97ce403110664 -> 
========================================================================
Received Import Request.
  Time since last request: 515070.828516 seconds.
  path: Assets/Scripts/Managers/Contents/LoginManager.cs
  artifactKey: Guid(d82bcfbf7cec17140bcf5972de3d6ec3) Importer(815301076,1909f56bfc062723c751e8b465ee728b)
Start importing Assets/Scripts/Managers/Contents/LoginManager.cs using Guid(d82bcfbf7cec17140bcf5972de3d6ec3) Importer(815301076,1909f56bfc062723c751e8b465ee728b) [PhysX] Initialized MultithreadedTaskDispatcher with 16 workers.
 -> (artifact id: '97c9cc9ed5e7faf8022226615081ee84') in 0.001517 seconds
Number of updated asset objects reloaded before import = 0
Number of asset objects unloaded after import = 0
========================================================================
Received Prepare
Caller must complete domain reload
Begin MonoManager ReloadAssembly
- Loaded All Assemblies, in  0.375 seconds
UnityException: FindObjectsOfTypeAll is not allowed to be called during serialization, call it from OnEnable instead. Called from ScriptableObject 'ServicesContainer'.
See "Script Serialization" page in the Unity Manual for further details.
  at (wrapper managed-to-native) UnityEngine.ResourcesAPIInternal.FindObjectsOfTypeAll(System.Type)
  at UnityEngine.ResourcesAPI.FindObjectsOfTypeAll (System.Type systemTypeInstance) [0x00000] in <37cc348edc804f4cb176b63962c716e7>:0 
  at UnityEngine.Resources.FindObjectsOfTypeAll (System.Type type) [0x00006] in <37cc348edc804f4cb176b63962c716e7>:0 
  at Unity.AssetManager.UI.Editor.ProjectWindowProxy.FindProjectWindow () [0x00019] in .\Library\PackageCache\com.unity.asset-manager-for-unity@1.8.0\Editor\UI\ProjectWindowOverlays\ProjectWindowProxy.cs:30 
  at Unity.AssetManager.UI.Editor.ProjectWindowProxy.Repaint () [0x00000] in .\Library\PackageCache\com.unity.asset-manager-for-unity@1.8.0\Editor\UI\ProjectWindowOverlays\ProjectWindowProxy.cs:19 
  at Unity.AssetManager.UI.Editor.ProjectWindowIconOverlay.OnAfterDeserialize () [0x0004b] in .\Library\PackageCache\com.unity.asset-manager-for-unity@1.8.0\Editor\UI\ProjectWindowOverlays\ProjectWindowIconOverlay.cs:143 

(Filename: ./Library/PackageCache/com.unity.asset-manager-for-unity@1.8.0/Editor/UI/ProjectWindowOverlays/ProjectWindowProxy.cs Line: 30)

Native extension for WindowsStandalone target not found
Native extension for Android target not found
Mono: successfully reloaded assembly
- Finished resetting the current domain, in  0.855 seconds
Domain Reload Profiling: 1227ms
	BeginReloadAssembly (138ms)
		ExecutionOrderSort (0ms)
		DisableScriptedObjects (6ms)
		BackupInstance (0ms)
		ReleaseScriptingObjects (0ms)
		CreateAndSetChildDomain (35ms)
	RebuildCommonClasses (30ms)
	RebuildNativeTypeToScriptingClass (12ms)
	initialDomainReloadingComplete (27ms)
	LoadAllAssembliesAndSetupDomain (165ms)
		LoadAssemblies (206ms)
		RebuildTransferFunctionScriptingTraits (0ms)
		AnalyzeDomain (19ms)
			TypeCache.Refresh (8ms)
				TypeCache.ScanAssembly (0ms)
			ScanForSourceGeneratedMonoScriptInfo (5ms)
			ResolveRequiredComponents (5ms)
	FinalizeReload (856ms)
		ReleaseScriptCaches (0ms)
		RebuildScriptCaches (0ms)
		SetupLoadedEditorAssemblies (368ms)
			LogAssemblyErrors (0ms)
			InitializePlatformSupportModulesInManaged (10ms)
			SetLoadedEditorAssemblies (2ms)
			RefreshPlugins (0ms)
			BeforeProcessingInitializeOnLoad (55ms)
			ProcessInitializeOnLoadAttributes (277ms)
			ProcessInitializeOnLoadMethodAttributes (20ms)
			AfterProcessingInitializeOnLoad (3ms)
			EditorAssembliesLoaded (0ms)
		ExecutionOrderSort2 (0ms)
		AwakeInstancesAfterBackupRestoration (7ms)
Refreshing native plugins compatible for Editor in 3.82 ms, found 4 plugins.
Preloading 0 native plugins for Editor in 0.00 ms.
Unloading 6258 Unused Serialized files (Serialized files now loaded: 0)
Unloading 37 unused Assets / (2.0 MB). Loaded Objects now: 6836.
Memory consumption went from 211.4 MB to 209.4 MB.
Total: 3.739200 ms (FindLiveObjects: 0.367100 ms CreateObjectMapping: 0.168600 ms MarkObjects: 2.864200 ms  DeleteObjects: 0.338800 ms)

Prepare: number of updated asset objects reloaded= 0
AssetImportParameters requested are different than current active one (requested -> active):
  custom:container-demuxer-ogg: 62fdf1f143b41e24485cea50d1cbac27 -> 
  custom:framework-win-MediaFoundation: 216162199b28c13a410421893ffa2e32 -> 
  custom:container-muxer-webm: aa71ff27fc2769a1b78a27578f13a17b -> 
  custom:video-decoder-webm-vp8: 9c59270c3fd7afecdb556c50c9e8de78 -> 
  custom:SearchIndexIgnoredProperties: e643bd26f0fe6173181afceb89e7c659 -> 
  custom:AudioImporter_EditorPlatform: d09bf68614088b80899f8185d706f6e7 -> 
  custom:audio-decoder-ogg-vorbis: bf7c407c2cedff20999df2af8eb42d56 -> 
  custom:audio-encoder-webm-vorbis: bf7c407c2cedff20999df2af8eb42d56 -> 
  custom:video-decoder-ogg-theora: a1e56fd34408186e4bbccfd4996cb3dc -> 
  custom:CustomObjectIndexerAttribute: 9a22284fe3817be447336de3de66b15e -> 
  custom:container-demuxer-webm: 4f35f7cbe854078d1ac9338744f61a02 -> 
  custom:video-encoder-webm-vp8: eb34c28f22e8b96e1ab97ce403110664 -> 
========================================================================
Received Prepare
Caller must complete domain reload
Begin MonoManager ReloadAssembly
- Loaded All Assemblies, in  0.297 seconds
UnityException: FindObjectsOfTypeAll is not allowed to be called during serialization, call it from OnEnable instead. Called from ScriptableObject 'ServicesContainer'.
See "Script Serialization" page in the Unity Manual for further details.
  at (wrapper managed-to-native) UnityEngine.ResourcesAPIInternal.FindObjectsOfTypeAll(System.Type)
  at UnityEngine.ResourcesAPI.FindObjectsOfTypeAll (System.Type systemTypeInstance) [0x00000] in <37cc348edc804f4cb176b63962c716e7>:0 
  at UnityEngine.Resources.FindObjectsOfTypeAll (System.Type type) [0x00006] in <37cc348edc804f4cb176b63962c716e7>:0 
  at Unity.AssetManager.UI.Editor.ProjectWindowProxy.FindProjectWindow () [0x00019] in .\Library\PackageCache\com.unity.asset-manager-for-unity@1.8.0\Editor\UI\ProjectWindowOverlays\ProjectWindowProxy.cs:30 
  at Unity.AssetManager.UI.Editor.ProjectWindowProxy.Repaint () [0x00000] in .\Library\PackageCache\com.unity.asset-manager-for-unity@1.8.0\Editor\UI\ProjectWindowOverlays\ProjectWindowProxy.cs:19 
  at Unity.AssetManager.UI.Editor.ProjectWindowIconOverlay.OnAfterDeserialize () [0x0004b] in .\Library\PackageCache\com.unity.asset-manager-for-unity@1.8.0\Editor\UI\ProjectWindowOverlays\ProjectWindowIconOverlay.cs:143 

(Filename: ./Library/PackageCache/com.unity.asset-manager-for-unity@1.8.0/Editor/UI/ProjectWindowOverlays/ProjectWindowProxy.cs Line: 30)

Native extension for WindowsStandalone target not found
Native extension for Android target not found
Mono: successfully reloaded assembly
- Finished resetting the current domain, in  0.901 seconds
Domain Reload Profiling: 1196ms
	BeginReloadAssembly (109ms)
		ExecutionOrderSort (0ms)
		DisableScriptedObjects (6ms)
		BackupInstance (0ms)
		ReleaseScriptingObjects (0ms)
		CreateAndSetChildDomain (29ms)
	RebuildCommonClasses (18ms)
	RebuildNativeTypeToScriptingClass (7ms)
	initialDomainReloadingComplete (17ms)
	LoadAllAssembliesAndSetupDomain (144ms)
		LoadAssemblies (178ms)
		RebuildTransferFunctionScriptingTraits (0ms)
		AnalyzeDomain (11ms)
			TypeCache.Refresh (4ms)
				TypeCache.ScanAssembly (0ms)
			ScanForSourceGeneratedMonoScriptInfo (0ms)
			ResolveRequiredComponents (5ms)
	FinalizeReload (901ms)
		ReleaseScriptCaches (0ms)
		RebuildScriptCaches (0ms)
		SetupLoadedEditorAssemblies (406ms)
			LogAssemblyErrors (0ms)
			InitializePlatformSupportModulesInManaged (11ms)
			SetLoadedEditorAssemblies (2ms)
			RefreshPlugins (0ms)
			BeforeProcessingInitializeOnLoad (61ms)
			ProcessInitializeOnLoadAttributes (306ms)
			ProcessInitializeOnLoadMethodAttributes (23ms)
			AfterProcessingInitializeOnLoad (3ms)
			EditorAssembliesLoaded (0ms)
		ExecutionOrderSort2 (0ms)
		AwakeInstancesAfterBackupRestoration (7ms)
Refreshing native plugins compatible for Editor in 3.46 ms, found 4 plugins.
Preloading 0 native plugins for Editor in 0.00 ms.
Unloading 6259 Unused Serialized files (Serialized files now loaded: 0)
Unloading 37 unused Assets / (2.0 MB). Loaded Objects now: 6852.
Memory consumption went from 211.6 MB to 209.7 MB.
Total: 3.784600 ms (FindLiveObjects: 0.335400 ms CreateObjectMapping: 0.164600 ms MarkObjects: 2.952400 ms  DeleteObjects: 0.331800 ms)

Prepare: number of updated asset objects reloaded= 0
AssetImportParameters requested are different than current active one (requested -> active):
  custom:container-demuxer-ogg: 62fdf1f143b41e24485cea50d1cbac27 -> 
  custom:framework-win-MediaFoundation: 216162199b28c13a410421893ffa2e32 -> 
  custom:container-muxer-webm: aa71ff27fc2769a1b78a27578f13a17b -> 
  custom:video-decoder-webm-vp8: 9c59270c3fd7afecdb556c50c9e8de78 -> 
  custom:SearchIndexIgnoredProperties: e643bd26f0fe6173181afceb89e7c659 -> 
  custom:AudioImporter_EditorPlatform: d09bf68614088b80899f8185d706f6e7 -> 
  custom:audio-decoder-ogg-vorbis: bf7c407c2cedff20999df2af8eb42d56 -> 
  custom:audio-encoder-webm-vorbis: bf7c407c2cedff20999df2af8eb42d56 -> 
  custom:video-decoder-ogg-theora: a1e56fd34408186e4bbccfd4996cb3dc -> 
  custom:CustomObjectIndexerAttribute: 9a22284fe3817be447336de3de66b15e -> 
  custom:container-demuxer-webm: 4f35f7cbe854078d1ac9338744f61a02 -> 
  custom:video-encoder-webm-vp8: eb34c28f22e8b96e1ab97ce403110664 -> 
========================================================================
Received Prepare
Caller must complete domain reload
Begin MonoManager ReloadAssembly
- Loaded All Assemblies, in  0.298 seconds
UnityException: FindObjectsOfTypeAll is not allowed to be called during serialization, call it from OnEnable instead. Called from ScriptableObject 'ServicesContainer'.
See "Script Serialization" page in the Unity Manual for further details.
  at (wrapper managed-to-native) UnityEngine.ResourcesAPIInternal.FindObjectsOfTypeAll(System.Type)
  at UnityEngine.ResourcesAPI.FindObjectsOfTypeAll (System.Type systemTypeInstance) [0x00000] in <37cc348edc804f4cb176b63962c716e7>:0 
  at UnityEngine.Resources.FindObjectsOfTypeAll (System.Type type) [0x00006] in <37cc348edc804f4cb176b63962c716e7>:0 
  at Unity.AssetManager.UI.Editor.ProjectWindowProxy.FindProjectWindow () [0x00019] in .\Library\PackageCache\com.unity.asset-manager-for-unity@1.8.0\Editor\UI\ProjectWindowOverlays\ProjectWindowProxy.cs:30 
  at Unity.AssetManager.UI.Editor.ProjectWindowProxy.Repaint () [0x00000] in .\Library\PackageCache\com.unity.asset-manager-for-unity@1.8.0\Editor\UI\ProjectWindowOverlays\ProjectWindowProxy.cs:19 
  at Unity.AssetManager.UI.Editor.ProjectWindowIconOverlay.OnAfterDeserialize () [0x0004b] in .\Library\PackageCache\com.unity.asset-manager-for-unity@1.8.0\Editor\UI\ProjectWindowOverlays\ProjectWindowIconOverlay.cs:143 

(Filename: ./Library/PackageCache/com.unity.asset-manager-for-unity@1.8.0/Editor/UI/ProjectWindowOverlays/ProjectWindowProxy.cs Line: 30)

Native extension for WindowsStandalone target not found
Native extension for Android target not found
Mono: successfully reloaded assembly
- Finished resetting the current domain, in  0.906 seconds
Domain Reload Profiling: 1203ms
	BeginReloadAssembly (107ms)
		ExecutionOrderSort (0ms)
		DisableScriptedObjects (6ms)
		BackupInstance (0ms)
		ReleaseScriptingObjects (0ms)
		CreateAndSetChildDomain (28ms)
	RebuildCommonClasses (19ms)
	RebuildNativeTypeToScriptingClass (7ms)
	initialDomainReloadingComplete (16ms)
	LoadAllAssembliesAndSetupDomain (148ms)
		LoadAssemblies (181ms)
		RebuildTransferFunctionScriptingTraits (0ms)
		AnalyzeDomain (11ms)
			TypeCache.Refresh (4ms)
				TypeCache.ScanAssembly (0ms)
			ScanForSourceGeneratedMonoScriptInfo (0ms)
			ResolveRequiredComponents (5ms)
	FinalizeReload (907ms)
		ReleaseScriptCaches (0ms)
		RebuildScriptCaches (0ms)
		SetupLoadedEditorAssemblies (402ms)
			LogAssemblyErrors (0ms)
			InitializePlatformSupportModulesInManaged (10ms)
			SetLoadedEditorAssemblies (2ms)
			RefreshPlugins (0ms)
			BeforeProcessingInitializeOnLoad (63ms)
			ProcessInitializeOnLoadAttributes (300ms)
			ProcessInitializeOnLoadMethodAttributes (23ms)
			AfterProcessingInitializeOnLoad (3ms)
			EditorAssembliesLoaded (0ms)
		ExecutionOrderSort2 (0ms)
		AwakeInstancesAfterBackupRestoration (7ms)
Refreshing native plugins compatible for Editor in 3.05 ms, found 4 plugins.
Preloading 0 native plugins for Editor in 0.00 ms.
Unloading 6259 Unused Serialized files (Serialized files now loaded: 0)
Unloading 37 unused Assets / (2.0 MB). Loaded Objects now: 6868.
Memory consumption went from 211.6 MB to 209.7 MB.
Total: 4.138100 ms (FindLiveObjects: 0.408500 ms CreateObjectMapping: 0.231600 ms MarkObjects: 2.999400 ms  DeleteObjects: 0.497900 ms)

Prepare: number of updated asset objects reloaded= 0
AssetImportParameters requested are different than current active one (requested -> active):
  custom:container-demuxer-ogg: 62fdf1f143b41e24485cea50d1cbac27 -> 
  custom:framework-win-MediaFoundation: 216162199b28c13a410421893ffa2e32 -> 
  custom:container-muxer-webm: aa71ff27fc2769a1b78a27578f13a17b -> 
  custom:video-decoder-webm-vp8: 9c59270c3fd7afecdb556c50c9e8de78 -> 
  custom:SearchIndexIgnoredProperties: e643bd26f0fe6173181afceb89e7c659 -> 
  custom:AudioImporter_EditorPlatform: d09bf68614088b80899f8185d706f6e7 -> 
  custom:audio-decoder-ogg-vorbis: bf7c407c2cedff20999df2af8eb42d56 -> 
  custom:audio-encoder-webm-vorbis: bf7c407c2cedff20999df2af8eb42d56 -> 
  custom:video-decoder-ogg-theora: a1e56fd34408186e4bbccfd4996cb3dc -> 
  custom:CustomObjectIndexerAttribute: 9a22284fe3817be447336de3de66b15e -> 
  custom:container-demuxer-webm: 4f35f7cbe854078d1ac9338744f61a02 -> 
  custom:video-encoder-webm-vp8: eb34c28f22e8b96e1ab97ce403110664 -> 
========================================================================
Received Prepare
Caller must complete domain reload
Begin MonoManager ReloadAssembly
- Loaded All Assemblies, in  0.298 seconds
UnityException: FindObjectsOfTypeAll is not allowed to be called during serialization, call it from OnEnable instead. Called from ScriptableObject 'ServicesContainer'.
See "Script Serialization" page in the Unity Manual for further details.
  at (wrapper managed-to-native) UnityEngine.ResourcesAPIInternal.FindObjectsOfTypeAll(System.Type)
  at UnityEngine.ResourcesAPI.FindObjectsOfTypeAll (System.Type systemTypeInstance) [0x00000] in <37cc348edc804f4cb176b63962c716e7>:0 
  at UnityEngine.Resources.FindObjectsOfTypeAll (System.Type type) [0x00006] in <37cc348edc804f4cb176b63962c716e7>:0 
  at Unity.AssetManager.UI.Editor.ProjectWindowProxy.FindProjectWindow () [0x00019] in .\Library\PackageCache\com.unity.asset-manager-for-unity@1.8.0\Editor\UI\ProjectWindowOverlays\ProjectWindowProxy.cs:30 
  at Unity.AssetManager.UI.Editor.ProjectWindowProxy.Repaint () [0x00000] in .\Library\PackageCache\com.unity.asset-manager-for-unity@1.8.0\Editor\UI\ProjectWindowOverlays\ProjectWindowProxy.cs:19 
  at Unity.AssetManager.UI.Editor.ProjectWindowIconOverlay.OnAfterDeserialize () [0x0004b] in .\Library\PackageCache\com.unity.asset-manager-for-unity@1.8.0\Editor\UI\ProjectWindowOverlays\ProjectWindowIconOverlay.cs:143 

(Filename: ./Library/PackageCache/com.unity.asset-manager-for-unity@1.8.0/Editor/UI/ProjectWindowOverlays/ProjectWindowProxy.cs Line: 30)

Native extension for WindowsStandalone target not found
Native extension for Android target not found
Mono: successfully reloaded assembly
- Finished resetting the current domain, in  0.896 seconds
Domain Reload Profiling: 1193ms
	BeginReloadAssembly (107ms)
		ExecutionOrderSort (0ms)
		DisableScriptedObjects (6ms)
		BackupInstance (0ms)
		ReleaseScriptingObjects (0ms)
		CreateAndSetChildDomain (30ms)
	RebuildCommonClasses (19ms)
	RebuildNativeTypeToScriptingClass (7ms)
	initialDomainReloadingComplete (17ms)
	LoadAllAssembliesAndSetupDomain (146ms)
		LoadAssemblies (179ms)
		RebuildTransferFunctionScriptingTraits (0ms)
		AnalyzeDomain (11ms)
			TypeCache.Refresh (4ms)
				TypeCache.ScanAssembly (0ms)
			ScanForSourceGeneratedMonoScriptInfo (0ms)
			ResolveRequiredComponents (5ms)
	FinalizeReload (897ms)
		ReleaseScriptCaches (0ms)
		RebuildScriptCaches (0ms)
		SetupLoadedEditorAssemblies (402ms)
			LogAssemblyErrors (0ms)
			InitializePlatformSupportModulesInManaged (12ms)
			SetLoadedEditorAssemblies (3ms)
			RefreshPlugins (0ms)
			BeforeProcessingInitializeOnLoad (59ms)
			ProcessInitializeOnLoadAttributes (300ms)
			ProcessInitializeOnLoadMethodAttributes (23ms)
			AfterProcessingInitializeOnLoad (4ms)
			EditorAssembliesLoaded (0ms)
		ExecutionOrderSort2 (0ms)
		AwakeInstancesAfterBackupRestoration (9ms)
Refreshing native plugins compatible for Editor in 3.68 ms, found 4 plugins.
Preloading 0 native plugins for Editor in 0.00 ms.
Unloading 6259 Unused Serialized files (Serialized files now loaded: 0)
Unloading 37 unused Assets / (1.9 MB). Loaded Objects now: 6884.
Memory consumption went from 211.6 MB to 209.6 MB.
Total: 3.578900 ms (FindLiveObjects: 0.315700 ms CreateObjectMapping: 0.136400 ms MarkObjects: 2.784800 ms  DeleteObjects: 0.341600 ms)

Prepare: number of updated asset objects reloaded= 0
AssetImportParameters requested are different than current active one (requested -> active):
  custom:container-demuxer-ogg: 62fdf1f143b41e24485cea50d1cbac27 -> 
  custom:framework-win-MediaFoundation: 216162199b28c13a410421893ffa2e32 -> 
  custom:container-muxer-webm: aa71ff27fc2769a1b78a27578f13a17b -> 
  custom:video-decoder-webm-vp8: 9c59270c3fd7afecdb556c50c9e8de78 -> 
  custom:SearchIndexIgnoredProperties: e643bd26f0fe6173181afceb89e7c659 -> 
  custom:AudioImporter_EditorPlatform: d09bf68614088b80899f8185d706f6e7 -> 
  custom:audio-decoder-ogg-vorbis: bf7c407c2cedff20999df2af8eb42d56 -> 
  custom:audio-encoder-webm-vorbis: bf7c407c2cedff20999df2af8eb42d56 -> 
  custom:video-decoder-ogg-theora: a1e56fd34408186e4bbccfd4996cb3dc -> 
  custom:CustomObjectIndexerAttribute: 9a22284fe3817be447336de3de66b15e -> 
  custom:container-demuxer-webm: 4f35f7cbe854078d1ac9338744f61a02 -> 
  custom:video-encoder-webm-vp8: eb34c28f22e8b96e1ab97ce403110664 -> 
========================================================================
Received Prepare
Caller must complete domain reload
Begin MonoManager ReloadAssembly
- Loaded All Assemblies, in  0.307 seconds
UnityException: FindObjectsOfTypeAll is not allowed to be called during serialization, call it from OnEnable instead. Called from ScriptableObject 'ServicesContainer'.
See "Script Serialization" page in the Unity Manual for further details.
  at (wrapper managed-to-native) UnityEngine.ResourcesAPIInternal.FindObjectsOfTypeAll(System.Type)
  at UnityEngine.ResourcesAPI.FindObjectsOfTypeAll (System.Type systemTypeInstance) [0x00000] in <37cc348edc804f4cb176b63962c716e7>:0 
  at UnityEngine.Resources.FindObjectsOfTypeAll (System.Type type) [0x00006] in <37cc348edc804f4cb176b63962c716e7>:0 
  at Unity.AssetManager.UI.Editor.ProjectWindowProxy.FindProjectWindow () [0x00019] in .\Library\PackageCache\com.unity.asset-manager-for-unity@1.8.0\Editor\UI\ProjectWindowOverlays\ProjectWindowProxy.cs:30 
  at Unity.AssetManager.UI.Editor.ProjectWindowProxy.Repaint () [0x00000] in .\Library\PackageCache\com.unity.asset-manager-for-unity@1.8.0\Editor\UI\ProjectWindowOverlays\ProjectWindowProxy.cs:19 
  at Unity.AssetManager.UI.Editor.ProjectWindowIconOverlay.OnAfterDeserialize () [0x0004b] in .\Library\PackageCache\com.unity.asset-manager-for-unity@1.8.0\Editor\UI\ProjectWindowOverlays\ProjectWindowIconOverlay.cs:143 

(Filename: ./Library/PackageCache/com.unity.asset-manager-for-unity@1.8.0/Editor/UI/ProjectWindowOverlays/ProjectWindowProxy.cs Line: 30)

Native extension for WindowsStandalone target not found
Native extension for Android target not found
Mono: successfully reloaded assembly
- Finished resetting the current domain, in  0.904 seconds
Domain Reload Profiling: 1210ms
	BeginReloadAssembly (112ms)
		ExecutionOrderSort (0ms)
		DisableScriptedObjects (6ms)
		BackupInstance (0ms)
		ReleaseScriptingObjects (0ms)
		CreateAndSetChildDomain (33ms)
	RebuildCommonClasses (19ms)
	RebuildNativeTypeToScriptingClass (7ms)
	initialDomainReloadingComplete (17ms)
	LoadAllAssembliesAndSetupDomain (149ms)
		LoadAssemblies (180ms)
		RebuildTransferFunctionScriptingTraits (0ms)
		AnalyzeDomain (14ms)
			TypeCache.Refresh (5ms)
				TypeCache.ScanAssembly (0ms)
			ScanForSourceGeneratedMonoScriptInfo (0ms)
			ResolveRequiredComponents (7ms)
	FinalizeReload (905ms)
		ReleaseScriptCaches (0ms)
		RebuildScriptCaches (0ms)
		SetupLoadedEditorAssemblies (407ms)
			LogAssemblyErrors (0ms)
			InitializePlatformSupportModulesInManaged (12ms)
			SetLoadedEditorAssemblies (2ms)
			RefreshPlugins (0ms)
			BeforeProcessingInitializeOnLoad (61ms)
			ProcessInitializeOnLoadAttributes (306ms)
			ProcessInitializeOnLoadMethodAttributes (22ms)
			AfterProcessingInitializeOnLoad (3ms)
			EditorAssembliesLoaded (0ms)
		ExecutionOrderSort2 (0ms)
		AwakeInstancesAfterBackupRestoration (8ms)
Refreshing native plugins compatible for Editor in 3.17 ms, found 4 plugins.
Preloading 0 native plugins for Editor in 0.00 ms.
Unloading 6259 Unused Serialized files (Serialized files now loaded: 0)
Unloading 37 unused Assets / (1.9 MB). Loaded Objects now: 6900.
Memory consumption went from 211.7 MB to 209.7 MB.
Total: 3.265300 ms (FindLiveObjects: 0.358500 ms CreateObjectMapping: 0.158900 ms MarkObjects: 2.453500 ms  DeleteObjects: 0.294000 ms)

Prepare: number of updated asset objects reloaded= 0
AssetImportParameters requested are different than current active one (requested -> active):
  custom:container-demuxer-ogg: 62fdf1f143b41e24485cea50d1cbac27 -> 
  custom:framework-win-MediaFoundation: 216162199b28c13a410421893ffa2e32 -> 
  custom:container-muxer-webm: aa71ff27fc2769a1b78a27578f13a17b -> 
  custom:video-decoder-webm-vp8: 9c59270c3fd7afecdb556c50c9e8de78 -> 
  custom:SearchIndexIgnoredProperties: e643bd26f0fe6173181afceb89e7c659 -> 
  custom:AudioImporter_EditorPlatform: d09bf68614088b80899f8185d706f6e7 -> 
  custom:audio-decoder-ogg-vorbis: bf7c407c2cedff20999df2af8eb42d56 -> 
  custom:audio-encoder-webm-vorbis: bf7c407c2cedff20999df2af8eb42d56 -> 
  custom:video-decoder-ogg-theora: a1e56fd34408186e4bbccfd4996cb3dc -> 
  custom:CustomObjectIndexerAttribute: 9a22284fe3817be447336de3de66b15e -> 
  custom:container-demuxer-webm: 4f35f7cbe854078d1ac9338744f61a02 -> 
  custom:video-encoder-webm-vp8: eb34c28f22e8b96e1ab97ce403110664 -> 
